../Core/Src/main.c:96:5:main	8	static
../Core/Src/main.c:146:6:HAL_UART_RxCpltCallback	16	static
../Core/Src/main.c:162:6:BlinkLEDTask	16	static
../Core/Src/main.c:176:6:MotorControlTask	32	static
../Core/Src/main.c:221:6:SystemClock_Config	88	static
../Core/Src/main.c:265:13:MX_TIM2_Init	64	static
../Core/Src/main.c:299:13:MX_TIM3_Init	64	static
../Core/Src/main.c:333:13:MX_USART2_UART_Init	8	static
../Core/Src/main.c:349:13:MX_GPIO_Init	48	static
../Core/Src/main.c:392:6:HAL_TIM_PeriodElapsedCallback	16	static
../Core/Src/main.c:403:6:Error_Handler	4	static,ignoring_inline_asm
