../Core/Src/main.c:96:5:main	8	static
../Core/Src/main.c:146:6:HAL_UART_RxCpltCallback	16	static
../Core/Src/main.c:162:6:BlinkLEDTask	24	static
../Core/Src/main.c:179:6:MotorControlTask	32	static
../Core/Src/main.c:224:6:SystemClock_Config	88	static
../Core/Src/main.c:268:13:MX_TIM2_Init	64	static
../Core/Src/main.c:302:13:MX_TIM3_Init	64	static
../Core/Src/main.c:336:13:MX_USART2_UART_Init	8	static
../Core/Src/main.c:352:13:MX_GPIO_Init	48	static
../Core/Src/main.c:395:6:HAL_TIM_PeriodElapsedCallback	16	static
../Core/Src/main.c:406:6:Error_Handler	4	static,ignoring_inline_asm
